
Aamir@LAPTOP-P4OJ1M95 MINGW64 ~/Desktop/gitproject (master)
$ touch index.txt

Aamir@LAPTOP-P4OJ1M95 MINGW64 ~/Desktop/gitproject (master)
$ touch app.txt

Aamir@LAPTOP-P4OJ1M95 MINGW64 ~/Desktop/gitproject (master)
$ git init
Initialized empty Git repository in C:/Users/Aamir/Desktop/gitproject/.git/

Aamir@LAPTOP-P4OJ1M95 MINGW64 ~/Desktop/gitproject (master)
$ git co
commit   config

Aamir@LAPTOP-P4OJ1M95 MINGW64 ~/Desktop/gitproject (master)
$ git config --global user.name 'Aamirrafi'

Aamir@LAPTOP-P4OJ1M95 MINGW64 ~/Desktop/gitproject (master)
$ git config --global user.email 'aamir.rafi.cse@gmail.com'

Aamir@LAPTOP-P4OJ1M95 MINGW64 ~/Desktop/gitproject (master)
$ git add app.txt

Aamir@LAPTOP-P4OJ1M95 MINGW64 ~/Desktop/gitproject (master)
$ git status
On branch master

No commits yet

Changes to be committed:
  (use "git rm --cached <file>..." to unstage)

        new file:   app.txt

Untracked files:
  (use "git add <file>..." to include in what will be committed)

        index.txt


Aamir@LAPTOP-P4OJ1M95 MINGW64 ~/Desktop/gitproject (master)
$ git --rm cached index.txt
unknown option: --rm
usage: git [--version] [--help] [-C <path>] [-c <name>=<value>]
           [--exec-path[=<path>]] [--html-path] [--man-path] [--info-path]
           [-p | --paginate | -P | --no-pager] [--no-replace-objects] [--bare]
           [--git-dir=<path>] [--work-tree=<path>] [--namespace=<name>]
           <command> [<args>]

Aamir@LAPTOP-P4OJ1M95 MINGW64 ~/Desktop/gitproject (master)
$ git rm --cached index.txt
fatal: pathspec 'index.txt' did not match any files

Aamir@LAPTOP-P4OJ1M95 MINGW64 ~/Desktop/gitproject (master)
$ git add .

Aamir@LAPTOP-P4OJ1M95 MINGW64 ~/Desktop/gitproject (master)
$ git status
On branch master

No commits yet

Changes to be committed:
  (use "git rm --cached <file>..." to unstage)

        new file:   app.txt
        new file:   index.txt


Aamir@LAPTOP-P4OJ1M95 MINGW64 ~/Desktop/gitproject (master)
$ gti commit
bash: gti: command not found

Aamir@LAPTOP-P4OJ1M95 MINGW64 ~/Desktop/gitproject (master)
$ git commit
[master (root-commit) c3972d4]  Initial commit
 2 files changed, 0 insertions(+), 0 deletions(-)
 create mode 100644 app.txt
 create mode 100644 index.txt

Aamir@LAPTOP-P4OJ1M95 MINGW64 ~/Desktop/gitproject (master)
$ git status
On branch master
Changes not staged for commit:
  (use "git add <file>..." to update what will be committed)
  (use "git checkout -- <file>..." to discard changes in working directory)

        modified:   index.txt

no changes added to commit (use "git add" and/or "git commit -a")

Aamir@LAPTOP-P4OJ1M95 MINGW64 ~/Desktop/gitproject (master)
$ git add .

Aamir@LAPTOP-P4OJ1M95 MINGW64 ~/Desktop/gitproject (master)
$ git status
On branch master
Changes to be committed:
  (use "git reset HEAD <file>..." to unstage)

        modified:   app.txt
        modified:   index.txt


Aamir@LAPTOP-P4OJ1M95 MINGW64 ~/Desktop/gitproject (master)
$ git commit
[master 521f052]  Changes to be committed:
 2 files changed, 3 insertions(+)

Aamir@LAPTOP-P4OJ1M95 MINGW64 ~/Desktop/gitproject (master)
$ git status
On branch master
nothing to commit, working tree clean

Aamir@LAPTOP-P4OJ1M95 MINGW64 ~/Desktop/gitproject (master)
$ git add .

Aamir@LAPTOP-P4OJ1M95 MINGW64 ~/Desktop/gitproject (master)
$ git commit -m 'changed index.txt'
On branch master
nothing to commit, working tree clean

Aamir@LAPTOP-P4OJ1M95 MINGW64 ~/Desktop/gitproject (master)
$ git commit -m 'changed index.txt'
On branch master
Changes not staged for commit:
        modified:   index.txt

no changes added to commit

Aamir@LAPTOP-P4OJ1M95 MINGW64 ~/Desktop/gitproject (master)
$ touch .gitignore

Aamir@LAPTOP-P4OJ1M95 MINGW64 ~/Desktop/gitproject (master)
$ touch log.txt

Aamir@LAPTOP-P4OJ1M95 MINGW64 ~/Desktop/gitproject (master)
$ git add .

Aamir@LAPTOP-P4OJ1M95 MINGW64 ~/Desktop/gitproject (master)
$ git add .

Aamir@LAPTOP-P4OJ1M95 MINGW64 ~/Desktop/gitproject (master)
$ git status
On branch master
Changes to be committed:
  (use "git reset HEAD <file>..." to unstage)

        new file:   .gitignore
        new file:   dir2/b.txt
        modified:   index.txt


Aamir@LAPTOP-P4OJ1M95 MINGW64 ~/Desktop/gitproject (master)
$ git branch login

Aamir@LAPTOP-P4OJ1M95 MINGW64 ~/Desktop/gitproject (master)
$ git commit -m 'another change'
[master c268488] another change
 3 files changed, 4 insertions(+)
 create mode 100644 .gitignore
 create mode 100644 dir2/b.txt

Aamir@LAPTOP-P4OJ1M95 MINGW64 ~/Desktop/gitproject (master)
$ git checkout login
Switched to branch 'login'

Aamir@LAPTOP-P4OJ1M95 MINGW64 ~/Desktop/gitproject (login)
$ touch login.txt

Aamir@LAPTOP-P4OJ1M95 MINGW64 ~/Desktop/gitproject (login)
$ git checkout master
Switched to branch 'master'

Aamir@LAPTOP-P4OJ1M95 MINGW64 ~/Desktop/gitproject (master)
$ git checkout login
Switched to branch 'login'

Aamir@LAPTOP-P4OJ1M95 MINGW64 ~/Desktop/gitproject (login)
$ git add .

Aamir@LAPTOP-P4OJ1M95 MINGW64 ~/Desktop/gitproject (login)
$ git status
On branch login
Changes to be committed:
  (use "git reset HEAD <file>..." to unstage)

        new file:   dir1/a.txt
        new file:   log.txt
        new file:   login.txt


Aamir@LAPTOP-P4OJ1M95 MINGW64 ~/Desktop/gitproject (login)
$ git checkout master
Switched to branch 'master'
A       dir1/a.txt
A       log.txt
A       login.txt

Aamir@LAPTOP-P4OJ1M95 MINGW64 ~/Desktop/gitproject (master)
$ git checkout login
Switched to branch 'login'
A       dir1/a.txt
A       log.txt
A       login.txt

Aamir@LAPTOP-P4OJ1M95 MINGW64 ~/Desktop/gitproject (login)
$ git checkout master
Switched to branch 'master'
A       dir1/a.txt
A       log.txt
A       login.txt

Aamir@LAPTOP-P4OJ1M95 MINGW64 ~/Desktop/gitproject (master)
$ git remote add origin https://github.com/Aamirrafi/githubtutorial.git
bash: $'\302\226\302\226\302\226git': command not found

Aamir@LAPTOP-P4OJ1M95 MINGW64 ~/Desktop/gitproject (master)
$ git remote add origin https://github.com/Aamirrafi/githubtutorial.git
bash: $'\302\226\302\226\302\226git': command not found

Aamir@LAPTOP-P4OJ1M95 MINGW64 ~/Desktop/gitproject (master)


Aamir@LAPTOP-P4OJ1M95 MINGW64 ~/Desktop/gitproject (master)
$ git remote add origin https://github.com/Aamirrafi/githubtutor

Aamir@LAPTOP-P4OJ1M95 MINGW64 ~/Desktop/gitproject (master)
$ git remote add origin https://github.com/Aamirrafi/githubtutorial.git
fatal: remote origin already exists.

Aamir@LAPTOP-P4OJ1M95 MINGW64 ~/Desktop/gitproject (master)
$ git push -u origin master
remote: Repository not found.
fatal: repository 'https://github.com/Aamirrafi/githubtutor/' not found

Aamir@LAPTOP-P4OJ1M95 MINGW64 ~/Desktop/gitproject (master)
$ git remote add origin https://github.com/Aamirrafi/githubtutorial.git
fatal: remote origin already exists.

Aamir@LAPTOP-P4OJ1M95 MINGW64 ~/Desktop/gitproject (master)
$ git push -u origin master
remote: Repository not found.
fatal: repository 'https://github.com/Aamirrafi/githubtutor/' not found

Aamir@LAPTOP-P4OJ1M95 MINGW64 ~/Desktop/gitproject (master)
$ git remote add origin https://github.com/Aamirrafi/tutorial.git
fatal: remote origin already exists.

Aamir@LAPTOP-P4OJ1M95 MINGW64 ~/Desktop/gitproject (master)
$ git remote -v
origin  https://github.com/Aamirrafi/githubtutor (fetch)
origin  https://github.com/Aamirrafi/githubtutor (push)

Aamir@LAPTOP-P4OJ1M95 MINGW64 ~/Desktop/gitproject (master)
$ git remote rm origin

Aamir@LAPTOP-P4OJ1M95 MINGW64 ~/Desktop/gitproject (master)
$ git remote v
error: Unknown subcommand: v
usage: git remote [-v | --verbose]
   or: git remote add [-t <branch>] [-m <master>] [-f] [--tags | --no-tags] [--mirror=<fetch|push>] <name> <url>
   or: git remote rename <old> <new>
   or: git remote remove <name>
   or: git remote set-head <name> (-a | --auto | -d | --delete | <branch>)
   or: git remote [-v | --verbose] show [-n] <name>
   or: git remote prune [-n | --dry-run] <name>
   or: git remote [-v | --verbose] update [-p | --prune] [(<group> | <remote>)...]
   or: git remote set-branches [--add] <name> <branch>...
   or: git remote get-url [--push] [--all] <name>
   or: git remote set-url [--push] <name> <newurl> [<oldurl>]
   or: git remote set-url --add <name> <newurl>
   or: git remote set-url --delete <name> <url>

    -v, --verbose         be verbose; must be placed before a subcommand


Aamir@LAPTOP-P4OJ1M95 MINGW64 ~/Desktop/gitproject (master)
$ git remote -v

Aamir@LAPTOP-P4OJ1M95 MINGW64 ~/Desktop/gitproject (master)
$ git remote add origin https://github.com/Aamirrafi/tutorial.git

Aamir@LAPTOP-P4OJ1M95 MINGW64 ~/Desktop/gitproject (master)
$ git remote
origin

Aamir@LAPTOP-P4OJ1M95 MINGW64 ~/Desktop/gitproject (master)
$ git push -u origin master
Enumerating objects: 13, done.
Counting objects: 100% (13/13), done.
Delta compression using up to 4 threads
Compressing objects: 100% (8/8), done.
Writing objects: 100% (13/13), 1005 bytes | 335.00 KiB/s, done.
Total 13 (delta 1), reused 0 (delta 0)
remote: Resolving deltas: 100% (1/1), done.
To https://github.com/Aamirrafi/tutorial.git
 * [new branch]      master -> master

 Git remote
 # Show where 'origin' is pointing to and also tracked branches
 $ git remote show origin

 # Show where 'origin' is pointing to
 $ git remote -v

 # Change the 'origin' remote's URL
 $ git remote set-url origin https://github.com/user/repo.git

 # Add a new 'origin'
 # Usually use to 'rebase' from forks
 $ git remote add [NAME] https://github.com/user/fork-repo.git
